[2026-02-08 05:56:12] INFO django.utils.autoreload Watching for file changes with StatReloader
[2026-02-08 05:56:17] ERROR django.server "GET / HTTP/1.1" 500 101114
[2026-02-08 05:56:18] WARNING django.server "GET /favicon.ico HTTP/1.1" 404 5064
[2026-02-08 05:56:48] INFO django.utils.autoreload /home/touseef/New Folder (36)/New Folder (1)/shop/context_processors.py changed, reloading.
[2026-02-08 05:56:48] INFO django.utils.autoreload Watching for file changes with StatReloader
[2026-02-08 05:56:50] INFO django.server "GET / HTTP/1.1" 200 8242
[2026-02-08 05:57:47] INFO django.utils.autoreload Watching for file changes with StatReloader
[2026-02-08 05:58:01] INFO django.server "GET /admin/ HTTP/1.1" 302 0
[2026-02-08 05:58:01] INFO django.server "GET /admin/login/?next=/admin/ HTTP/1.1" 200 4084
[2026-02-08 05:58:01] INFO django.server "GET /static/admin/css/dark_mode.css HTTP/1.1" 200 3538
[2026-02-08 05:58:01] INFO django.server "GET /static/admin/js/theme.js HTTP/1.1" 200 1653
[2026-02-08 05:58:01] INFO django.server "GET /static/admin/css/base.css HTTP/1.1" 200 23100
[2026-02-08 05:58:01] INFO django.server "GET /static/admin/css/nav_sidebar.css HTTP/1.1" 200 2810
[2026-02-08 05:58:01] INFO django.server "GET /static/admin/css/login.css HTTP/1.1" 200 951
[2026-02-08 05:58:01] INFO django.server "GET /static/admin/css/responsive.css HTTP/1.1" 200 16273
[2026-02-08 05:58:01] INFO django.server "GET /static/admin/js/nav_sidebar.js HTTP/1.1" 200 3063
[2026-02-08 05:58:02] WARNING django.server "GET /favicon.ico HTTP/1.1" 404 5064
[2026-02-08 05:58:05] INFO django.server "POST /admin/login/?next=/admin/ HTTP/1.1" 302 0
[2026-02-08 05:58:05] INFO django.server "GET /admin/ HTTP/1.1" 200 10020
[2026-02-08 05:58:06] INFO django.server "GET /static/admin/css/dashboard.css HTTP/1.1" 200 441
[2026-02-08 05:58:06] INFO django.server "GET /static/admin/img/icon-changelink.svg HTTP/1.1" 200 978
[2026-02-08 05:58:06] INFO django.server "GET /static/admin/img/icon-addlink.svg HTTP/1.1" 200 593
[2026-02-08 05:58:12] INFO django.server "GET /admin/shop/category/add/ HTTP/1.1" 200 12631
[2026-02-08 05:58:12] INFO django.server "GET /static/admin/css/forms.css HTTP/1.1" 200 8817
[2026-02-08 05:58:12] INFO django.server "GET /static/admin/js/jquery.init.js HTTP/1.1" 200 347
[2026-02-08 05:58:13] INFO django.server "GET /static/admin/js/admin/RelatedObjectLookups.js HTTP/1.1" 200 9777
[2026-02-08 05:58:13] INFO django.server "GET /static/admin/js/vendor/xregexp/xregexp.js HTTP/1.1" 200 325171
[2026-02-08 05:58:13] INFO django.server "GET /static/admin/js/vendor/jquery/jquery.js HTTP/1.1" 200 285314
[2026-02-08 05:58:13] INFO django.server "GET /admin/jsi18n/ HTTP/1.1" 200 3342
[2026-02-08 05:58:13] INFO django.server "GET /static/admin/js/core.js HTTP/1.1" 200 6208
[2026-02-08 05:58:13] INFO django.server "GET /static/admin/js/actions.js HTTP/1.1" 200 8076
[2026-02-08 05:58:13] INFO django.server "GET /static/admin/js/urlify.js HTTP/1.1" 200 7887
[2026-02-08 05:58:13] INFO django.server "GET /static/admin/js/prepopulate_init.js HTTP/1.1" 200 586
[2026-02-08 05:58:13] INFO django.server "GET /static/admin/js/prepopulate.js HTTP/1.1" 200 1531
[2026-02-08 05:58:13] INFO django.server "GET /static/admin/css/widgets.css HTTP/1.1" 200 11811
[2026-02-08 05:58:13] INFO django.server "GET /static/admin/js/change_form.js HTTP/1.1" 200 606
[2026-02-08 05:58:20] INFO django.server "POST /admin/shop/category/add/ HTTP/1.1" 302 0
[2026-02-08 05:58:20] INFO django.server "GET /admin/shop/category/ HTTP/1.1" 200 13068
[2026-02-08 05:58:20] INFO django.server "GET /static/admin/css/changelists.css HTTP/1.1" 200 7498
[2026-02-08 05:58:20] INFO django.server "GET /static/admin/img/search.svg HTTP/1.1" 200 607
[2026-02-08 05:58:20] INFO django.server "GET /admin/jsi18n/ HTTP/1.1" 200 3342
[2026-02-08 05:58:20] INFO django.server "GET /media/category/Screenshot_20260207_162917.png HTTP/1.1" 200 109872
[2026-02-08 05:58:20] INFO django.server "GET /static/admin/js/filters.js HTTP/1.1" 200 978
[2026-02-08 05:58:20] INFO django.server "GET /static/admin/img/icon-yes.svg HTTP/1.1" 200 558
[2026-02-08 05:58:20] INFO django.server "GET /static/admin/img/tooltag-add.svg HTTP/1.1" 200 593
[2026-02-08 05:58:22] INFO django.server "GET /admin/ HTTP/1.1" 200 10399
[2026-02-08 05:58:23] INFO django.server "GET /admin/shop/cart/ HTTP/1.1" 200 11678
[2026-02-08 05:58:23] INFO django.server "GET /admin/jsi18n/ HTTP/1.1" 200 3342
[2026-02-08 05:58:24] INFO django.server "GET /static/admin/img/icon-viewlink.svg HTTP/1.1" 200 928
[2026-02-08 05:58:25] INFO django.server "GET /admin/ HTTP/1.1" 200 10399
[2026-02-08 05:58:27] INFO django.server "GET /admin/shop/product/add/ HTTP/1.1" 200 18400
[2026-02-08 05:58:27] INFO django.server "GET /admin/jsi18n/ HTTP/1.1" 200 3342
[2026-02-08 05:58:49] INFO django.server "POST /admin/shop/product/add/ HTTP/1.1" 302 0
[2026-02-08 05:58:49] INFO django.server "GET /admin/shop/product/add/ HTTP/1.1" 200 18632
[2026-02-08 05:58:49] INFO django.server "GET /admin/jsi18n/ HTTP/1.1" 200 3342
[2026-02-08 05:58:54] INFO django.server "GET / HTTP/1.1" 200 11192
[2026-02-08 05:58:54] INFO django.server "GET /media/products/Screenshot_20260207_160526.png HTTP/1.1" 200 1034676
[2026-02-08 05:58:54] INFO django.server "GET /media/category/Screenshot_20260207_162917.png HTTP/1.1" 304 0
[2026-02-08 06:00:57] INFO django.utils.autoreload Watching for file changes with StatReloader
[2026-02-08 06:02:45] ERROR django.server "GET /product/sdfdsdf/ HTTP/1.1" 500 89587
[2026-02-08 06:02:45] WARNING django.server "GET /favicon.ico HTTP/1.1" 404 5064
